// Jest Snapshot v1, https://goo.gl/fbAQLP

exports[`Component Repeat Button <RepeatButton /> expects render a button 1`] = `"<button aria-label=\\"Play again.\\" id=\\"repeatButton\\" onClick={[undefined]} />"`;
