// Jest Snapshot v1, https://goo.gl/fbAQLP

exports[`Component Winning Sound <WinningSound /> expects Winning Sound component to be rendered 1`] = `
"<audio autoplay=\\"autoplay\\" className=\\"player\\" preload=\\"false\\">
  <source src=\\"./assets/winning_slot.wav\\" />
</audio>"
`;
